============================= test session starts ==============================
platform darwin -- Python 3.10.0, pytest-9.0.3, pluggy-1.6.0 -- /Library/Frameworks/Python.framework/Versions/3.10/bin/python3
cachedir: .pytest_cache
rootdir: /Users/timothychang/Documents/GitHub/classroom-economy
configfile: pytest.ini
plugins: flask-1.3.0, anyio-4.2.0
collecting ... collected 2 items / 1 deselected / 1 selected

tests/test_teacher_student_flow.py::test_teacher_student_lifecycle FAILED [100%]

=================================== FAILURES ===================================
________________________ test_teacher_student_lifecycle ________________________

client = <FlaskClient <Flask 'app'>>, teacher = <Admin 1>, app = <Flask 'app'>

    def test_teacher_student_lifecycle(client, teacher, app):
        """
        Test the full lifecycle of a Teacher Student account:
        1. Automatic creation on class creation/upload.
        2. Claiming process.
        3. Functionality (logging in, viewing dashboard).
        4. Constraints (cannot delete, cannot move).
        5. Exclusion from analytics/goals.
        """
        with app.app_context():
            # Merge teacher into current session
            teacher = db.session.merge(teacher)
    
            # 1. Verify automatic creation via helper
            from app.routes.admin import _ensure_teacher_student_seat
    
            # Login as teacher
            client.post('/admin/login', data={'username': "teacher_test", 'totp_code': '000000'})
    
            join_code = "TEACHER_TEST_CODE"
            block = "Z"
            _ensure_teacher_student_seat(teacher.id, join_code, block)
    
            # Verify TeacherBlock created
            tb = TeacherBlock.query.filter_by(teacher_id=teacher.id, join_code=join_code, is_teacher=True).first()
            assert tb is not None
            assert tb.first_name == "Teacher"
            assert tb.last_initial == "S"
            assert tb.dob_sum_hash is not None
    
            # 2. Claim the account (Step 1)
            response = client.post('/student/claim-account', data={
                'join_code': join_code,
                'first_name': 'Teacher',
                'last_name': 'Student',
                'dedupe_code': ''
            }, follow_redirects=True)
    
            assert response.status_code == 200
    
            # Verify TeacherBlock is claimed and linked
            db.session.refresh(tb)
            assert tb.is_claimed is True
            assert tb.student_id is not None
    
            student = db.session.get(Student, tb.student_id)
            assert student is not None
            assert student.is_teacher is True
            assert student.block == block
            with client.session_transaction() as sess:
                claimed_user_id = sess.get('claimed_user_id')
                claimed_seat_id = sess.get('claimed_seat_id')
            assert claimed_user_id is not None
            assert claimed_seat_id is not None
    
            # Step 2: Create Username
            # Note: Form expects 'write_in_word'. Logic: adjective + word + random 4 digits + initials
            response = client.post('/student/create-username', data={
                'write_in_word': 'hero'
            }, follow_redirects=True)
            assert response.status_code == 200
    
            # Refresh student to get generated username
            db.session.refresh(student)
            # Note: username is hashed in DB, but plaintext is in session['generated_username']
            # We can't access session easily here without mocking secure cookie?
            # Actually client.session works.
            with client.session_transaction() as sess:
                generated_username = sess.get('generated_username')
    
            assert generated_username is not None
            assert 'hero' in generated_username
            assert re.search(r"\d{4}TS$", generated_username) is not None
    
            # Step 3: Setup PIN/Passphrase
            response = client.post('/student/setup-pin-passphrase', data={
                'pin': '1234',
                'passphrase': 'secure logic'
            }, follow_redirects=True)
            assert response.status_code == 200
    
            db.session.refresh(student)
            assert student.has_completed_setup is True
    
            # 3. Verify Constraints
    
            # A. Cannot delete via admin
            with client.session_transaction() as sess:
                sess['admin_id'] = teacher.id
                sess['is_admin'] = True
    
            response = client.post('/admin/student/delete', data={
                'student_id': student.id,
                'confirmation': 'DELETE'
            }, follow_redirects=True)
    
>           assert "Teacher student accounts cannot be deleted directly" in response.get_data(as_text=True)
E           assert 'Teacher student accounts cannot be deleted directly' in '<!DOCTYPE html>\n<html lang="en">\n\n<head>\n    <meta charset="UTF-8">\n    <title>Teacher Login - Classroom Token Hub</title>\n    <meta name="viewport" content="width=device-width, initial-scale=1.0">\n    <meta name="csrf-token" content="ImFkNDYyNmMyN2IyODk5Yzg3YzQxN2Y5MGMxM2FkZWVlNzQ1MTg3Mjgi.aiWv5Q.B-GOYdzh9NxOlSDd3HImU7h3ckw">\n    <script src="https://challenges.cloudflare.com/turnstile/v0/api.js" async defer></script>\n    <link href="https://fonts.googleapis.com/css2?family=Inter:wght@300;400;500;600;700&display=swap" rel="stylesheet">\n    <link\n        href="https://fonts.googleapis.com/css2?family=Material+Symbols+Outlined:opsz,wght,FILL,GRAD@20..48,100..700,0..1,-50..200"\n        rel="stylesheet">\n    <link href="https://cdn.jsdelivr.net/npm/bootstrap@5.3.3/dist/css/bootstrap.min.css" rel="stylesheet">\n    <link href="/static/css/tokens.css?v=1780459916" rel="stylesheet">\n    <link href="/static/css/style.css?v=1780459922" rel="stylesheet">\n    <style>\n        body {\n            background-color: var(--background);\n            display: flex;\n            align-items: center;\n            justify-content: center;\n            min-height: 100vh;\n        }\n\n        .login-container {\n            width: 100%;\n            max-width: 900px;\n            background: white;\n            box-shadow: var(--shadow-lg);\n            overflow: hidden;\n            display: flex;\n            min-height: 600px;\n        }\n\n        .login-left {\n            flex: 1;\n            padding: 3rem;\n            display: flex;\n            flex-direction: column;\n            justify-content: center;\n        }\n\n        .login-right {\n            flex: 1;\n            background: linear-gradient(135deg, var(--primary), var(--primary-hover));\n            display: flex;\n            flex-direction: column;\n            align-items: center;\n            justify-content: center;\n            color: white;\n            padding: 3rem;\n            position: relative;\n            overflow: hidden;\n        }\n\n        .login-right::before {\n            content: \'\';\n            position: absolute;\n            top: 0;\n            left: 0;\n            right: 0;\n            bottom: 0;\n            background: url("data:image/svg+xml,%3Csvg width=\'60\' height=\'60\' viewBox=\'0 0 60 60\' xmlns=\'http://www.w3.org/2000/svg\'%3E%3Cg fill=\'none\' fill-rule=\'evenodd\'%3E%3Cg fill=\'%23ffffff\' fill-opacity=\'0.05\'%3E%3Cpath d=\'M36 34v-4h-2v4h-4v2h4v4h2v-4h4v-2h-4zm0-30V0h-2v4h-4v2h4v4h2V6h4V4h-4zM6 34v-4H4v4H0v2h4v4h2v-4h4v-2H6zM6 4V0H4v4H0v2h4v4h2V6h4V4H6z\'/%3E%3C/g%3E%3C/g%3E%3C/svg%3E");\n        }\n\n        .logo-img {\n            width: 400px;\n            height: 400px;\n            margin-bottom: 2rem;\n            position: relative;\n            z-index: 1;\n        }\n\n        .btn-primary {\n            background: var(--primary);\n            border: none;\n            color: white;\n            transition: all 0.3s ease;\n        }\n\n        .btn-primary:hover {\n            background: var(--secondary);\n            color: var(--text-primary);\n        }\n\n        .btn-outline-primary:hover {\n            background: var(--secondary);\n            border-color: var(--secondary);\n            color: var(--text-primary);\n        }\n\n        .btn-outline-secondary:hover {\n            background: var(--secondary);\n            border-color: var(--secondary);\n            color: var(--text-primary);\n        }\n\n        .subtitle {\n            color: var(--secondary) !important;\n        }\n\n        .form-label {\n            color: var(--secondary) !important;\n            text-transform: uppercase;\n            font-weight: 600;\n            font-size: 0.75rem;\n            letter-spacing: 0.05em;\n        }\n\n        a {\n            color: var(--secondary);\n        }\n\n        a:hover {\n            color: var(--secondary);\n            opacity: 0.8;\n        }\n\n        @media (max-width: 768px) {\n            .login-container {\n                flex-direction: column;\n                margin: 1rem;\n                min-height: auto;\n            }\n\n            .login-right {\n                display: none;\n            }\n\n            .login-left {\n                padding: 2rem;\n            }\n        }\n    </style>\n</head>\n\n<body>\n    <div class="login-container">\n        <div class="login-left">\n            <div class="mb-2">\n                <small class="text-muted">TEACHER PORTAL</small>\n                <h1 class="h3 fw-bold text-primary">Welcome, Teacher!</h1>\n                <p class="subtitle">Please log in to manage your class.</p>\n            </div>\n\n            \n            \n            <div class="alert alert-warning border-0 shadow-sm mb-4">\n                Admin session is invalid. Please log in again.\n            </div>\n            \n            \n\n            <div id="loginError" class="alert alert-danger border-0 shadow-sm mb-4 d-none" role="alert"></div>\n\n            <form method="POST" id="loginForm">\n                <input id="turnstile_token" name="turnstile_token" type="hidden" value="">\n                <div class="mb-4">\n                    <label class="form-label">Username</label>\n                    <input autocomplete="off" class="form-control form-control-lg" id="usernameField" name="username" placeholder="Enter your\n                    username" required type="text" value="">\n                </div>\n\n                <div class="mb-4">\n                    <label class="form-label">Authenticator Code</label>\n                    <input autocomplete="off" class="form-control form-control-lg" id="totp_code" inputmode="numeric" maxlength="6" name="totp_code" pattern="[0-9]*" placeholder="Enter 6-digit code" required type="text" value="">\n                </div>\n\n                \n\n                <div class="d-grid gap-2 mb-4">\n                    <input class="btn btn-primary btn-lg" id="submit" name="submit" type="submit" value="Log In">\n                    <button type="button" id="usePasskeyBtn" class="btn btn-outline-primary btn-lg">\n                        <span class="material-symbols-outlined align-middle me-2"\n                            style="font-size: 1.5rem;">fingerprint</span>\n                        Sign in with Passkey\n                    </button>\n                </div>\n\n                <div class="text-center d-grid gap-2">\n                    <a href="/admin/recover" class="text-decoration-none small text-secondary">I need to\n                        recover my teacher account</a>\n                    <a href="/admin/resume-credentials"\n                        class="text-decoration-none small text-secondary">I need to finish my account recovery</a>\n                    <a href="/student/login" class="btn btn-outline-primary btn-sm mt-2">\n                        I am a student\n                    </a>\n                    <a href="/admin/signup" class="btn btn-outline-secondary btn-sm">\n                        I need a new teacher account\n                    </a>\n                </div>\n\n                <div class="text-center mt-3 pt-3 border-top">\n                    <a href="/privacy"\n                        class="text-decoration-none small text-secondary">Privacy</a>\n                    <span class="text-secondary">\u2022 </span>\n                    <a href="/district" class="text-decoration-none small text-secondary">District</a>\n                    <span class="text-secondary">\u2022 </span>\n                    <a href="/terms" class="text-decoration-none small text-secondary">Terms</a>\n                </div>\n            </form>\n        </div>\n        <div class="login-right">\n            <img src="/static/images/logo_teacher_transparent_512.png?v=1766337909" alt="Logo" class="logo-img">\n        </div>\n    </div>\n\n    <!-- Loading Tips Modal -->\n    <div class="modal fade" id="loadingTipsModal" data-bs-backdrop="static" data-bs-keyboard="false" tabindex="-1">\n        <div class="modal-dialog modal-dialog-centered">\n            <div class="modal-content border-0 shadow-lg">\n                <div class="modal-body text-center p-5">\n                    <div class="spinner-border text-primary mb-4" role="status" style="width: 3rem; height: 3rem;">\n                        <span class="visually-hidden">Loading...</span>\n                    </div>\n                    <h5 class="fw-bold mb-3 text-primary">Pro Tip</h5>\n                    <p class="text-secondary mb-0" id="tipText" style="min-height: 3rem; line-height: 1.6;">\n                        Loading your dashboard...\n                    </p>\n                </div>\n            </div>\n        </div>\n    </div>\n\n    <script src="https://cdn.jsdelivr.net/npm/bootstrap@5.3.3/dist/js/bootstrap.bundle.min.js"></script>\n    <script src="/static/js/loading_modal.js?v=1766337909"></script>\n    <script>\n        document.addEventListener(\'DOMContentLoaded\', function () {\n            initLoadingModal(\'teacher\', {\n                formId: \'loginForm\',\n                modalId: \'loadingTipsModal\',\n                tipTextId: \'tipText\',\n                minimumDisplayTime: 2500,\n                rotationInterval: 4000\n            });\n        });\n    </script>\n\n    <!-- Passwordless.dev SDK (Official UMD build) -->\n    <script src="https://cdn.passwordless.dev/dist/1.1.0/umd/passwordless.umd.min.js" crossorigin="anonymous"></script>\n    <script src="/static/js/passkey.js?v=1768105300"></script>\n    <script>\n        document.addEventListener(\'DOMContentLoaded\', function () {\n            setupPasskeySignin({\n                buttonId: \'usePasskeyBtn\',\n                usernameFieldId: \'usernameField\',\n                startUrl: \'/admin/passkey/auth/start\',\n                finishUrl: \'/admin/passkey/auth/finish\'\n            });\n        });\n    </script>\n</body>\n\n</html>'
E            +  where '<!DOCTYPE html>\n<html lang="en">\n\n<head>\n    <meta charset="UTF-8">\n    <title>Teacher Login - Classroom Token Hub</title>\n    <meta name="viewport" content="width=device-width, initial-scale=1.0">\n    <meta name="csrf-token" content="ImFkNDYyNmMyN2IyODk5Yzg3YzQxN2Y5MGMxM2FkZWVlNzQ1MTg3Mjgi.aiWv5Q.B-GOYdzh9NxOlSDd3HImU7h3ckw">\n    <script src="https://challenges.cloudflare.com/turnstile/v0/api.js" async defer></script>\n    <link href="https://fonts.googleapis.com/css2?family=Inter:wght@300;400;500;600;700&display=swap" rel="stylesheet">\n    <link\n        href="https://fonts.googleapis.com/css2?family=Material+Symbols+Outlined:opsz,wght,FILL,GRAD@20..48,100..700,0..1,-50..200"\n        rel="stylesheet">\n    <link href="https://cdn.jsdelivr.net/npm/bootstrap@5.3.3/dist/css/bootstrap.min.css" rel="stylesheet">\n    <link href="/static/css/tokens.css?v=1780459916" rel="stylesheet">\n    <link href="/static/css/style.css?v=1780459922" rel="stylesheet">\n    <style>\n        body {\n            background-color: var(--background);\n            display: flex;\n            align-items: center;\n            justify-content: center;\n            min-height: 100vh;\n        }\n\n        .login-container {\n            width: 100%;\n            max-width: 900px;\n            background: white;\n            box-shadow: var(--shadow-lg);\n            overflow: hidden;\n            display: flex;\n            min-height: 600px;\n        }\n\n        .login-left {\n            flex: 1;\n            padding: 3rem;\n            display: flex;\n            flex-direction: column;\n            justify-content: center;\n        }\n\n        .login-right {\n            flex: 1;\n            background: linear-gradient(135deg, var(--primary), var(--primary-hover));\n            display: flex;\n            flex-direction: column;\n            align-items: center;\n            justify-content: center;\n            color: white;\n            padding: 3rem;\n            position: relative;\n            overflow: hidden;\n        }\n\n        .login-right::before {\n            content: \'\';\n            position: absolute;\n            top: 0;\n            left: 0;\n            right: 0;\n            bottom: 0;\n            background: url("data:image/svg+xml,%3Csvg width=\'60\' height=\'60\' viewBox=\'0 0 60 60\' xmlns=\'http://www.w3.org/2000/svg\'%3E%3Cg fill=\'none\' fill-rule=\'evenodd\'%3E%3Cg fill=\'%23ffffff\' fill-opacity=\'0.05\'%3E%3Cpath d=\'M36 34v-4h-2v4h-4v2h4v4h2v-4h4v-2h-4zm0-30V0h-2v4h-4v2h4v4h2V6h4V4h-4zM6 34v-4H4v4H0v2h4v4h2v-4h4v-2H6zM6 4V0H4v4H0v2h4v4h2V6h4V4H6z\'/%3E%3C/g%3E%3C/g%3E%3C/svg%3E");\n        }\n\n        .logo-img {\n            width: 400px;\n            height: 400px;\n            margin-bottom: 2rem;\n            position: relative;\n            z-index: 1;\n        }\n\n        .btn-primary {\n            background: var(--primary);\n            border: none;\n            color: white;\n            transition: all 0.3s ease;\n        }\n\n        .btn-primary:hover {\n            background: var(--secondary);\n            color: var(--text-primary);\n        }\n\n        .btn-outline-primary:hover {\n            background: var(--secondary);\n            border-color: var(--secondary);\n            color: var(--text-primary);\n        }\n\n        .btn-outline-secondary:hover {\n            background: var(--secondary);\n            border-color: var(--secondary);\n            color: var(--text-primary);\n        }\n\n        .subtitle {\n            color: var(--secondary) !important;\n        }\n\n        .form-label {\n            color: var(--secondary) !important;\n            text-transform: uppercase;\n            font-weight: 600;\n            font-size: 0.75rem;\n            letter-spacing: 0.05em;\n        }\n\n        a {\n            color: var(--secondary);\n        }\n\n        a:hover {\n            color: var(--secondary);\n            opacity: 0.8;\n        }\n\n        @media (max-width: 768px) {\n            .login-container {\n                flex-direction: column;\n                margin: 1rem;\n                min-height: auto;\n            }\n\n            .login-right {\n                display: none;\n            }\n\n            .login-left {\n                padding: 2rem;\n            }\n        }\n    </style>\n</head>\n\n<body>\n    <div class="login-container">\n        <div class="login-left">\n            <div class="mb-2">\n                <small class="text-muted">TEACHER PORTAL</small>\n                <h1 class="h3 fw-bold text-primary">Welcome, Teacher!</h1>\n                <p class="subtitle">Please log in to manage your class.</p>\n            </div>\n\n            \n            \n            <div class="alert alert-warning border-0 shadow-sm mb-4">\n                Admin session is invalid. Please log in again.\n            </div>\n            \n            \n\n            <div id="loginError" class="alert alert-danger border-0 shadow-sm mb-4 d-none" role="alert"></div>\n\n            <form method="POST" id="loginForm">\n                <input id="turnstile_token" name="turnstile_token" type="hidden" value="">\n                <div class="mb-4">\n                    <label class="form-label">Username</label>\n                    <input autocomplete="off" class="form-control form-control-lg" id="usernameField" name="username" placeholder="Enter your\n                    username" required type="text" value="">\n                </div>\n\n                <div class="mb-4">\n                    <label class="form-label">Authenticator Code</label>\n                    <input autocomplete="off" class="form-control form-control-lg" id="totp_code" inputmode="numeric" maxlength="6" name="totp_code" pattern="[0-9]*" placeholder="Enter 6-digit code" required type="text" value="">\n                </div>\n\n                \n\n                <div class="d-grid gap-2 mb-4">\n                    <input class="btn btn-primary btn-lg" id="submit" name="submit" type="submit" value="Log In">\n                    <button type="button" id="usePasskeyBtn" class="btn btn-outline-primary btn-lg">\n                        <span class="material-symbols-outlined align-middle me-2"\n                            style="font-size: 1.5rem;">fingerprint</span>\n                        Sign in with Passkey\n                    </button>\n                </div>\n\n                <div class="text-center d-grid gap-2">\n                    <a href="/admin/recover" class="text-decoration-none small text-secondary">I need to\n                        recover my teacher account</a>\n                    <a href="/admin/resume-credentials"\n                        class="text-decoration-none small text-secondary">I need to finish my account recovery</a>\n                    <a href="/student/login" class="btn btn-outline-primary btn-sm mt-2">\n                        I am a student\n                    </a>\n                    <a href="/admin/signup" class="btn btn-outline-secondary btn-sm">\n                        I need a new teacher account\n                    </a>\n                </div>\n\n                <div class="text-center mt-3 pt-3 border-top">\n                    <a href="/privacy"\n                        class="text-decoration-none small text-secondary">Privacy</a>\n                    <span class="text-secondary">\u2022 </span>\n                    <a href="/district" class="text-decoration-none small text-secondary">District</a>\n                    <span class="text-secondary">\u2022 </span>\n                    <a href="/terms" class="text-decoration-none small text-secondary">Terms</a>\n                </div>\n            </form>\n        </div>\n        <div class="login-right">\n            <img src="/static/images/logo_teacher_transparent_512.png?v=1766337909" alt="Logo" class="logo-img">\n        </div>\n    </div>\n\n    <!-- Loading Tips Modal -->\n    <div class="modal fade" id="loadingTipsModal" data-bs-backdrop="static" data-bs-keyboard="false" tabindex="-1">\n        <div class="modal-dialog modal-dialog-centered">\n            <div class="modal-content border-0 shadow-lg">\n                <div class="modal-body text-center p-5">\n                    <div class="spinner-border text-primary mb-4" role="status" style="width: 3rem; height: 3rem;">\n                        <span class="visually-hidden">Loading...</span>\n                    </div>\n                    <h5 class="fw-bold mb-3 text-primary">Pro Tip</h5>\n                    <p class="text-secondary mb-0" id="tipText" style="min-height: 3rem; line-height: 1.6;">\n                        Loading your dashboard...\n                    </p>\n                </div>\n            </div>\n        </div>\n    </div>\n\n    <script src="https://cdn.jsdelivr.net/npm/bootstrap@5.3.3/dist/js/bootstrap.bundle.min.js"></script>\n    <script src="/static/js/loading_modal.js?v=1766337909"></script>\n    <script>\n        document.addEventListener(\'DOMContentLoaded\', function () {\n            initLoadingModal(\'teacher\', {\n                formId: \'loginForm\',\n                modalId: \'loadingTipsModal\',\n                tipTextId: \'tipText\',\n                minimumDisplayTime: 2500,\n                rotationInterval: 4000\n            });\n        });\n    </script>\n\n    <!-- Passwordless.dev SDK (Official UMD build) -->\n    <script src="https://cdn.passwordless.dev/dist/1.1.0/umd/passwordless.umd.min.js" crossorigin="anonymous"></script>\n    <script src="/static/js/passkey.js?v=1768105300"></script>\n    <script>\n        document.addEventListener(\'DOMContentLoaded\', function () {\n            setupPasskeySignin({\n                buttonId: \'usePasskeyBtn\',\n                usernameFieldId: \'usernameField\',\n                startUrl: \'/admin/passkey/auth/start\',\n                finishUrl: \'/admin/passkey/auth/finish\'\n            });\n        });\n    </script>\n</body>\n\n</html>' = get_data(as_text=True)
E            +    where get_data = <WrapperTestResponse 9706 bytes [200 OK]>.get_data

tests/test_teacher_student_flow.py:125: AssertionError
---------------------------- Captured stderr setup -----------------------------
[2026-06-07 10:52:37,300] WARNING in base [-] [actor=-:- class_id=-] [endpoint=/ method=GET] [error_class=- correlation_version=1]: FEAT-INTEGRITY-WARNING: FEATBypass active. Execution integrity is currently unmanaged.
[2026-06-07 10:52:37,301] WARNING in base [-] [actor=-:- class_id=-] [endpoint=/ method=GET] [error_class=- correlation_version=1]: FEAT-INTEGRITY-WARNING: FEAT FEAT-BYPASS-LEGACY (Blast=LOW) missing idempotency_key.
[2026-06-07 10:52:37,301] INFO in base [-] [actor=-:- class_id=-] [endpoint=/ method=GET] [error_class=- correlation_version=1]: FEAT-ENTRY: feat=FEAT-BYPASS-LEGACY | correlation_id=bypass_test_4f726f23bcbd4b98837a3c631b306373 | idempotency_key=NONE
[2026-06-07 10:52:37,434] INFO in base [-] [actor=-:- class_id=-] [endpoint=/ method=GET] [error_class=- correlation_version=1]: FEAT-COMMIT-OWNERSHIP: FEAT-BYPASS-LEGACY | First commit owned by FEAT-BYPASS-LEGACY | Correlation=bypass_test_4f726f23bcbd4b98837a3c631b306373
------------------------------ Captured log setup ------------------------------
WARNING  app.feats.base:base.py:333 FEAT-INTEGRITY-WARNING: FEATBypass active. Execution integrity is currently unmanaged.
WARNING  app.feats.base:base.py:174 FEAT-INTEGRITY-WARNING: FEAT FEAT-BYPASS-LEGACY (Blast=LOW) missing idempotency_key.
INFO     app.feats.base:base.py:227 FEAT-ENTRY: feat=FEAT-BYPASS-LEGACY | correlation_id=bypass_test_4f726f23bcbd4b98837a3c631b306373 | idempotency_key=NONE
INFO     app.feats.base:base.py:264 FEAT-COMMIT-OWNERSHIP: FEAT-BYPASS-LEGACY | First commit owned by FEAT-BYPASS-LEGACY | Correlation=bypass_test_4f726f23bcbd4b98837a3c631b306373
----------------------------- Captured stderr call -----------------------------
[2026-06-07 10:52:37,499] INFO in admin [6bfc3e4399ad474980a0d55c5ec4c3c0] [actor=-:- class_id=-] [endpoint=/ method=GET] [error_class=- correlation_version=1]: Created Teacher Student seat for teacher 1, join_code TEACHER_TEST_CODE
[2026-06-07 10:52:37,499] WARNING in base [6bfc3e4399ad474980a0d55c5ec4c3c0] [actor=-:- class_id=-] [endpoint=/ method=GET] [error_class=- correlation_version=1]: FEAT-FLUSH-COMPLEXITY: FEAT-BYPASS-LEGACY has triggered 6 flushes. Consider simplifying or batching mutations.
[2026-06-07 10:52:37,507] WARNING in base [17d3d001974e4ec7a533474e45b36f77] [actor=-:- class_id=-] [endpoint=/student/claim-account method=POST] [error_class=- correlation_version=1]: FEAT-SHELL-DIRTY: Executing legacy logic in shell FEAT-IDEN-001. Function=claim_account. Correlation=GENERATE
[2026-06-07 10:52:37,515] WARNING in base [17d3d001974e4ec7a533474e45b36f77] [actor=-:- class_id=-] [endpoint=/student/claim-account method=POST] [error_class=- correlation_version=1]: FEAT-INTEGRITY-WARNING: FEAT FEAT-IDEN-001 (Blast=LOW) missing idempotency_key.
[2026-06-07 10:52:37,515] INFO in base [17d3d001974e4ec7a533474e45b36f77] [actor=-:- class_id=-] [endpoint=/student/claim-account method=POST] [error_class=- correlation_version=1]: FEAT-ENTRY: feat=FEAT-IDEN-001 | correlation_id=bypass_test_4f726f23bcbd4b98837a3c631b306373 | idempotency_key=NONE
[2026-06-07 10:52:37,626] WARNING in base [17d3d001974e4ec7a533474e45b36f77] [actor=-:- class_id=-] [endpoint=/student/claim-account method=POST] [error_class=- correlation_version=1]: FEAT-FLUSH-COMPLEXITY: FEAT-IDEN-001 has triggered 6 flushes. Consider simplifying or batching mutations.
[2026-06-07 10:52:37,628] WARNING in base [9a33c96294944a4b9a51f421c47e895d] [actor=-:- class_id=-] [endpoint=/student/create-username method=GET] [error_class=- correlation_version=1]: FEAT-SHELL-DIRTY: Executing legacy logic in shell FEAT-IDEN-002. Function=create_username. Correlation=GENERATE
[2026-06-07 10:52:37,629] WARNING in base [9a33c96294944a4b9a51f421c47e895d] [actor=-:- class_id=-] [endpoint=/student/create-username method=GET] [error_class=- correlation_version=1]: FEAT-INTEGRITY-WARNING: FEAT FEAT-IDEN-002 (Blast=HIGH) missing idempotency_key.
[2026-06-07 10:52:37,629] INFO in base [9a33c96294944a4b9a51f421c47e895d] [actor=-:- class_id=-] [endpoint=/student/create-username method=GET] [error_class=- correlation_version=1]: FEAT-ENTRY: feat=FEAT-IDEN-002 | correlation_id=bypass_test_4f726f23bcbd4b98837a3c631b306373 | idempotency_key=NONE
[2026-06-07 10:52:37,645] WARNING in base [e22bc46ad0cc490f9a400f1a8012da4f] [actor=-:- class_id=-] [endpoint=/student/create-username method=POST] [error_class=- correlation_version=1]: FEAT-SHELL-DIRTY: Executing legacy logic in shell FEAT-IDEN-002. Function=create_username. Correlation=GENERATE
[2026-06-07 10:52:37,646] WARNING in base [e22bc46ad0cc490f9a400f1a8012da4f] [actor=-:- class_id=-] [endpoint=/student/create-username method=POST] [error_class=- correlation_version=1]: FEAT-INTEGRITY-WARNING: FEAT FEAT-IDEN-002 (Blast=HIGH) missing idempotency_key.
[2026-06-07 10:52:37,646] INFO in base [e22bc46ad0cc490f9a400f1a8012da4f] [actor=-:- class_id=-] [endpoint=/student/create-username method=POST] [error_class=- correlation_version=1]: FEAT-ENTRY: feat=FEAT-IDEN-002 | correlation_id=bypass_test_4f726f23bcbd4b98837a3c631b306373 | idempotency_key=NONE
[2026-06-07 10:52:37,685] WARNING in base [755746789ce74c4f965bce5ad9b977b2] [actor=-:- class_id=-] [endpoint=/student/setup-pin-passphrase method=GET] [error_class=- correlation_version=1]: FEAT-SHELL-DIRTY: Executing legacy logic in shell FEAT-IDEN-001. Function=setup_pin_passphrase. Correlation=GENERATE
[2026-06-07 10:52:37,686] WARNING in base [755746789ce74c4f965bce5ad9b977b2] [actor=-:- class_id=-] [endpoint=/student/setup-pin-passphrase method=GET] [error_class=- correlation_version=1]: FEAT-INTEGRITY-WARNING: FEAT FEAT-IDEN-001 (Blast=LOW) missing idempotency_key.
[2026-06-07 10:52:37,686] INFO in base [755746789ce74c4f965bce5ad9b977b2] [actor=-:- class_id=-] [endpoint=/student/setup-pin-passphrase method=GET] [error_class=- correlation_version=1]: FEAT-ENTRY: feat=FEAT-IDEN-001 | correlation_id=bypass_test_4f726f23bcbd4b98837a3c631b306373 | idempotency_key=NONE
[2026-06-07 10:52:37,695] WARNING in base [44ec9bea80b54c318b9c52662b74cbcb] [actor=-:- class_id=-] [endpoint=/student/setup-pin-passphrase method=POST] [error_class=- correlation_version=1]: FEAT-SHELL-DIRTY: Executing legacy logic in shell FEAT-IDEN-001. Function=setup_pin_passphrase. Correlation=GENERATE
[2026-06-07 10:52:37,696] WARNING in base [44ec9bea80b54c318b9c52662b74cbcb] [actor=-:- class_id=-] [endpoint=/student/setup-pin-passphrase method=POST] [error_class=- correlation_version=1]: FEAT-INTEGRITY-WARNING: FEAT FEAT-IDEN-001 (Blast=LOW) missing idempotency_key.
[2026-06-07 10:52:37,696] INFO in base [44ec9bea80b54c318b9c52662b74cbcb] [actor=-:- class_id=-] [endpoint=/student/setup-pin-passphrase method=POST] [error_class=- correlation_version=1]: FEAT-ENTRY: feat=FEAT-IDEN-001 | correlation_id=bypass_test_4f726f23bcbd4b98837a3c631b306373 | idempotency_key=NONE
[2026-06-07 10:52:37,890] WARNING in base [c675073d2e644232bba50418ed9722ed] [actor=-:- class_id=-] [endpoint=/student/login method=GET] [error_class=- correlation_version=1]: FEAT-SHELL-DIRTY: Executing legacy logic in shell FEAT-IDEN-001. Function=login. Correlation=GENERATE
[2026-06-07 10:52:37,891] WARNING in base [c675073d2e644232bba50418ed9722ed] [actor=-:- class_id=-] [endpoint=/student/login method=GET] [error_class=- correlation_version=1]: FEAT-INTEGRITY-WARNING: FEAT FEAT-IDEN-001 (Blast=LOW) missing idempotency_key.
[2026-06-07 10:52:37,892] INFO in base [c675073d2e644232bba50418ed9722ed] [actor=-:- class_id=-] [endpoint=/student/login method=GET] [error_class=- correlation_version=1]: FEAT-ENTRY: feat=FEAT-IDEN-001 | correlation_id=bypass_test_4f726f23bcbd4b98837a3c631b306373 | idempotency_key=NONE
[2026-06-07 10:52:37,899] INFO in auth [44bc8e35041b4420a09278af522e5d41] [actor=-:- class_id=-] [endpoint=/admin/student/delete method=POST] [error_class=- correlation_version=1]: Admin access attempt: session = {'admin_id': 1, 'is_admin': True}
------------------------------ Captured log call -------------------------------
INFO     app:admin.py:1785 Created Teacher Student seat for teacher 1, join_code TEACHER_TEST_CODE
WARNING  app.feats.base:base.py:288 FEAT-FLUSH-COMPLEXITY: FEAT-BYPASS-LEGACY has triggered 6 flushes. Consider simplifying or batching mutations.
WARNING  app.feats.base:base.py:412 FEAT-SHELL-DIRTY: Executing legacy logic in shell FEAT-IDEN-001. Function=claim_account. Correlation=GENERATE
WARNING  app.feats.base:base.py:174 FEAT-INTEGRITY-WARNING: FEAT FEAT-IDEN-001 (Blast=LOW) missing idempotency_key.
INFO     app.feats.base:base.py:227 FEAT-ENTRY: feat=FEAT-IDEN-001 | correlation_id=bypass_test_4f726f23bcbd4b98837a3c631b306373 | idempotency_key=NONE
WARNING  app.feats.base:base.py:288 FEAT-FLUSH-COMPLEXITY: FEAT-IDEN-001 has triggered 6 flushes. Consider simplifying or batching mutations.
WARNING  app.feats.base:base.py:412 FEAT-SHELL-DIRTY: Executing legacy logic in shell FEAT-IDEN-002. Function=create_username. Correlation=GENERATE
WARNING  app.feats.base:base.py:174 FEAT-INTEGRITY-WARNING: FEAT FEAT-IDEN-002 (Blast=HIGH) missing idempotency_key.
INFO     app.feats.base:base.py:227 FEAT-ENTRY: feat=FEAT-IDEN-002 | correlation_id=bypass_test_4f726f23bcbd4b98837a3c631b306373 | idempotency_key=NONE
WARNING  app.feats.base:base.py:412 FEAT-SHELL-DIRTY: Executing legacy logic in shell FEAT-IDEN-002. Function=create_username. Correlation=GENERATE
WARNING  app.feats.base:base.py:174 FEAT-INTEGRITY-WARNING: FEAT FEAT-IDEN-002 (Blast=HIGH) missing idempotency_key.
INFO     app.feats.base:base.py:227 FEAT-ENTRY: feat=FEAT-IDEN-002 | correlation_id=bypass_test_4f726f23bcbd4b98837a3c631b306373 | idempotency_key=NONE
WARNING  app.feats.base:base.py:412 FEAT-SHELL-DIRTY: Executing legacy logic in shell FEAT-IDEN-001. Function=setup_pin_passphrase. Correlation=GENERATE
WARNING  app.feats.base:base.py:174 FEAT-INTEGRITY-WARNING: FEAT FEAT-IDEN-001 (Blast=LOW) missing idempotency_key.
INFO     app.feats.base:base.py:227 FEAT-ENTRY: feat=FEAT-IDEN-001 | correlation_id=bypass_test_4f726f23bcbd4b98837a3c631b306373 | idempotency_key=NONE
WARNING  app.feats.base:base.py:412 FEAT-SHELL-DIRTY: Executing legacy logic in shell FEAT-IDEN-001. Function=setup_pin_passphrase. Correlation=GENERATE
WARNING  app.feats.base:base.py:174 FEAT-INTEGRITY-WARNING: FEAT FEAT-IDEN-001 (Blast=LOW) missing idempotency_key.
INFO     app.feats.base:base.py:227 FEAT-ENTRY: feat=FEAT-IDEN-001 | correlation_id=bypass_test_4f726f23bcbd4b98837a3c631b306373 | idempotency_key=NONE
WARNING  app.feats.base:base.py:412 FEAT-SHELL-DIRTY: Executing legacy logic in shell FEAT-IDEN-001. Function=login. Correlation=GENERATE
WARNING  app.feats.base:base.py:174 FEAT-INTEGRITY-WARNING: FEAT FEAT-IDEN-001 (Blast=LOW) missing idempotency_key.
INFO     app.feats.base:base.py:227 FEAT-ENTRY: feat=FEAT-IDEN-001 | correlation_id=bypass_test_4f726f23bcbd4b98837a3c631b306373 | idempotency_key=NONE
INFO     app:auth.py:217 Admin access attempt: session = {'admin_id': 1, 'is_admin': True}
--------------------------- Captured stderr teardown ---------------------------
[2026-06-07 10:52:37,948] WARNING in base [-] [actor=-:- class_id=-] [endpoint=/ method=GET] [error_class=- correlation_version=1]: FEAT-INTEGRITY-WARNING: MULTIPLE-COMMIT-ATTEMPT in FEAT-BYPASS-LEGACY. Count=2. Correlation=bypass_test_4f726f23bcbd4b98837a3c631b306373
---------------------------- Captured log teardown -----------------------------
WARNING  app.feats.base:base.py:281 FEAT-INTEGRITY-WARNING: MULTIPLE-COMMIT-ATTEMPT in FEAT-BYPASS-LEGACY. Count=2. Correlation=bypass_test_4f726f23bcbd4b98837a3c631b306373
=========================== short test summary info ============================
FAILED tests/test_teacher_student_flow.py::test_teacher_student_lifecycle - assert 'Teacher student accounts cannot be deleted directly' in '<!DOCTYPE html>\n<html lang="en">\n\n<head>\n    <meta charset="UTF-8">\n    <title>Teacher Login - Classroom Token Hub</title>\n    <meta name="viewport" content="width=device-width, initial-scale=1.0">\n    <meta name="csrf-token" content="ImFkNDYyNmMyN2IyODk5Yzg3YzQxN2Y5MGMxM2FkZWVlNzQ1MTg3Mjgi.aiWv5Q.B-GOYdzh9NxOlSDd3HImU7h3ckw">\n    <script src="https://challenges.cloudflare.com/turnstile/v0/api.js" async defer></script>\n    <link href="https://fonts.googleapis.com/css2?family=Inter:wght@300;400;500;600;700&display=swap" rel="stylesheet">\n    <link\n        href="https://fonts.googleapis.com/css2?family=Material+Symbols+Outlined:opsz,wght,FILL,GRAD@20..48,100..700,0..1,-50..200"\n        rel="stylesheet">\n    <link href="https://cdn.jsdelivr.net/npm/bootstrap@5.3.3/dist/css/bootstrap.min.css" rel="stylesheet">\n    <link href="/static/css/tokens.css?v=1780459916" rel="stylesheet">\n    <link href="/static/css/style.css?v=1780459922" rel="stylesheet">\n    <style>\n        body {\n            background-color: var(--background);\n            display: flex;\n            align-items: center;\n            justify-content: center;\n            min-height: 100vh;\n        }\n\n        .login-container {\n            width: 100%;\n            max-width: 900px;\n            background: white;\n            box-shadow: var(--shadow-lg);\n            overflow: hidden;\n            display: flex;\n            min-height: 600px;\n        }\n\n        .login-left {\n            flex: 1;\n            padding: 3rem;\n            display: flex;\n            flex-direction: column;\n            justify-content: center;\n        }\n\n        .login-right {\n            flex: 1;\n            background: linear-gradient(135deg, var(--primary), var(--primary-hover));\n            display: flex;\n            flex-direction: column;\n            align-items: center;\n            justify-content: center;\n            color: white;\n            padding: 3rem;\n            position: relative;\n            overflow: hidden;\n        }\n\n        .login-right::before {\n            content: \'\';\n            position: absolute;\n            top: 0;\n            left: 0;\n            right: 0;\n            bottom: 0;\n            background: url("data:image/svg+xml,%3Csvg width=\'60\' height=\'60\' viewBox=\'0 0 60 60\' xmlns=\'http://www.w3.org/2000/svg\'%3E%3Cg fill=\'none\' fill-rule=\'evenodd\'%3E%3Cg fill=\'%23ffffff\' fill-opacity=\'0.05\'%3E%3Cpath d=\'M36 34v-4h-2v4h-4v2h4v4h2v-4h4v-2h-4zm0-30V0h-2v4h-4v2h4v4h2V6h4V4h-4zM6 34v-4H4v4H0v2h4v4h2v-4h4v-2H6zM6 4V0H4v4H0v2h4v4h2V6h4V4H6z\'/%3E%3C/g%3E%3C/g%3E%3C/svg%3E");\n        }\n\n        .logo-img {\n            width: 400px;\n            height: 400px;\n            margin-bottom: 2rem;\n            position: relative;\n            z-index: 1;\n        }\n\n        .btn-primary {\n            background: var(--primary);\n            border: none;\n            color: white;\n            transition: all 0.3s ease;\n        }\n\n        .btn-primary:hover {\n            background: var(--secondary);\n            color: var(--text-primary);\n        }\n\n        .btn-outline-primary:hover {\n            background: var(--secondary);\n            border-color: var(--secondary);\n            color: var(--text-primary);\n        }\n\n        .btn-outline-secondary:hover {\n            background: var(--secondary);\n            border-color: var(--secondary);\n            color: var(--text-primary);\n        }\n\n        .subtitle {\n            color: var(--secondary) !important;\n        }\n\n        .form-label {\n            color: var(--secondary) !important;\n            text-transform: uppercase;\n            font-weight: 600;\n            font-size: 0.75rem;\n            letter-spacing: 0.05em;\n        }\n\n        a {\n            color: var(--secondary);\n        }\n\n        a:hover {\n            color: var(--secondary);\n            opacity: 0.8;\n        }\n\n        @media (max-width: 768px) {\n            .login-container {\n                flex-direction: column;\n                margin: 1rem;\n                min-height: auto;\n            }\n\n            .login-right {\n                display: none;\n            }\n\n            .login-left {\n                padding: 2rem;\n            }\n        }\n    </style>\n</head>\n\n<body>\n    <div class="login-container">\n        <div class="login-left">\n            <div class="mb-2">\n                <small class="text-muted">TEACHER PORTAL</small>\n                <h1 class="h3 fw-bold text-primary">Welcome, Teacher!</h1>\n                <p class="subtitle">Please log in to manage your class.</p>\n            </div>\n\n            \n            \n            <div class="alert alert-warning border-0 shadow-sm mb-4">\n                Admin session is invalid. Please log in again.\n            </div>\n            \n            \n\n            <div id="loginError" class="alert alert-danger border-0 shadow-sm mb-4 d-none" role="alert"></div>\n\n            <form method="POST" id="loginForm">\n                <input id="turnstile_token" name="turnstile_token" type="hidden" value="">\n                <div class="mb-4">\n                    <label class="form-label">Username</label>\n                    <input autocomplete="off" class="form-control form-control-lg" id="usernameField" name="username" placeholder="Enter your\n                    username" required type="text" value="">\n                </div>\n\n                <div class="mb-4">\n                    <label class="form-label">Authenticator Code</label>\n                    <input autocomplete="off" class="form-control form-control-lg" id="totp_code" inputmode="numeric" maxlength="6" name="totp_code" pattern="[0-9]*" placeholder="Enter 6-digit code" required type="text" value="">\n                </div>\n\n                \n\n                <div class="d-grid gap-2 mb-4">\n                    <input class="btn btn-primary btn-lg" id="submit" name="submit" type="submit" value="Log In">\n                    <button type="button" id="usePasskeyBtn" class="btn btn-outline-primary btn-lg">\n                        <span class="material-symbols-outlined align-middle me-2"\n                            style="font-size: 1.5rem;">fingerprint</span>\n                        Sign in with Passkey\n                    </button>\n                </div>\n\n                <div class="text-center d-grid gap-2">\n                    <a href="/admin/recover" class="text-decoration-none small text-secondary">I need to\n                        recover my teacher account</a>\n                    <a href="/admin/resume-credentials"\n                        class="text-decoration-none small text-secondary">I need to finish my account recovery</a>\n                    <a href="/student/login" class="btn btn-outline-primary btn-sm mt-2">\n                        I am a student\n                    </a>\n                    <a href="/admin/signup" class="btn btn-outline-secondary btn-sm">\n                        I need a new teacher account\n                    </a>\n                </div>\n\n                <div class="text-center mt-3 pt-3 border-top">\n                    <a href="/privacy"\n                        class="text-decoration-none small text-secondary">Privacy</a>\n                    <span class="text-secondary">\u2022 </span>\n                    <a href="/district" class="text-decoration-none small text-secondary">District</a>\n                    <span class="text-secondary">\u2022 </span>\n                    <a href="/terms" class="text-decoration-none small text-secondary">Terms</a>\n                </div>\n            </form>\n        </div>\n        <div class="login-right">\n            <img src="/static/images/logo_teacher_transparent_512.png?v=1766337909" alt="Logo" class="logo-img">\n        </div>\n    </div>\n\n    <!-- Loading Tips Modal -->\n    <div class="modal fade" id="loadingTipsModal" data-bs-backdrop="static" data-bs-keyboard="false" tabindex="-1">\n        <div class="modal-dialog modal-dialog-centered">\n            <div class="modal-content border-0 shadow-lg">\n                <div class="modal-body text-center p-5">\n                    <div class="spinner-border text-primary mb-4" role="status" style="width: 3rem; height: 3rem;">\n                        <span class="visually-hidden">Loading...</span>\n                    </div>\n                    <h5 class="fw-bold mb-3 text-primary">Pro Tip</h5>\n                    <p class="text-secondary mb-0" id="tipText" style="min-height: 3rem; line-height: 1.6;">\n                        Loading your dashboard...\n                    </p>\n                </div>\n            </div>\n        </div>\n    </div>\n\n    <script src="https://cdn.jsdelivr.net/npm/bootstrap@5.3.3/dist/js/bootstrap.bundle.min.js"></script>\n    <script src="/static/js/loading_modal.js?v=1766337909"></script>\n    <script>\n        document.addEventListener(\'DOMContentLoaded\', function () {\n            initLoadingModal(\'teacher\', {\n                formId: \'loginForm\',\n                modalId: \'loadingTipsModal\',\n                tipTextId: \'tipText\',\n                minimumDisplayTime: 2500,\n                rotationInterval: 4000\n            });\n        });\n    </script>\n\n    <!-- Passwordless.dev SDK (Official UMD build) -->\n    <script src="https://cdn.passwordless.dev/dist/1.1.0/umd/passwordless.umd.min.js" crossorigin="anonymous"></script>\n    <script src="/static/js/passkey.js?v=1768105300"></script>\n    <script>\n        document.addEventListener(\'DOMContentLoaded\', function () {\n            setupPasskeySignin({\n                buttonId: \'usePasskeyBtn\',\n                usernameFieldId: \'usernameField\',\n                startUrl: \'/admin/passkey/auth/start\',\n                finishUrl: \'/admin/passkey/auth/finish\'\n            });\n        });\n    </script>\n</body>\n\n</html>'
 +  where '<!DOCTYPE html>\n<html lang="en">\n\n<head>\n    <meta charset="UTF-8">\n    <title>Teacher Login - Classroom Token Hub</title>\n    <meta name="viewport" content="width=device-width, initial-scale=1.0">\n    <meta name="csrf-token" content="ImFkNDYyNmMyN2IyODk5Yzg3YzQxN2Y5MGMxM2FkZWVlNzQ1MTg3Mjgi.aiWv5Q.B-GOYdzh9NxOlSDd3HImU7h3ckw">\n    <script src="https://challenges.cloudflare.com/turnstile/v0/api.js" async defer></script>\n    <link href="https://fonts.googleapis.com/css2?family=Inter:wght@300;400;500;600;700&display=swap" rel="stylesheet">\n    <link\n        href="https://fonts.googleapis.com/css2?family=Material+Symbols+Outlined:opsz,wght,FILL,GRAD@20..48,100..700,0..1,-50..200"\n        rel="stylesheet">\n    <link href="https://cdn.jsdelivr.net/npm/bootstrap@5.3.3/dist/css/bootstrap.min.css" rel="stylesheet">\n    <link href="/static/css/tokens.css?v=1780459916" rel="stylesheet">\n    <link href="/static/css/style.css?v=1780459922" rel="stylesheet">\n    <style>\n        body {\n            background-color: var(--background);\n            display: flex;\n            align-items: center;\n            justify-content: center;\n            min-height: 100vh;\n        }\n\n        .login-container {\n            width: 100%;\n            max-width: 900px;\n            background: white;\n            box-shadow: var(--shadow-lg);\n            overflow: hidden;\n            display: flex;\n            min-height: 600px;\n        }\n\n        .login-left {\n            flex: 1;\n            padding: 3rem;\n            display: flex;\n            flex-direction: column;\n            justify-content: center;\n        }\n\n        .login-right {\n            flex: 1;\n            background: linear-gradient(135deg, var(--primary), var(--primary-hover));\n            display: flex;\n            flex-direction: column;\n            align-items: center;\n            justify-content: center;\n            color: white;\n            padding: 3rem;\n            position: relative;\n            overflow: hidden;\n        }\n\n        .login-right::before {\n            content: \'\';\n            position: absolute;\n            top: 0;\n            left: 0;\n            right: 0;\n            bottom: 0;\n            background: url("data:image/svg+xml,%3Csvg width=\'60\' height=\'60\' viewBox=\'0 0 60 60\' xmlns=\'http://www.w3.org/2000/svg\'%3E%3Cg fill=\'none\' fill-rule=\'evenodd\'%3E%3Cg fill=\'%23ffffff\' fill-opacity=\'0.05\'%3E%3Cpath d=\'M36 34v-4h-2v4h-4v2h4v4h2v-4h4v-2h-4zm0-30V0h-2v4h-4v2h4v4h2V6h4V4h-4zM6 34v-4H4v4H0v2h4v4h2v-4h4v-2H6zM6 4V0H4v4H0v2h4v4h2V6h4V4H6z\'/%3E%3C/g%3E%3C/g%3E%3C/svg%3E");\n        }\n\n        .logo-img {\n            width: 400px;\n            height: 400px;\n            margin-bottom: 2rem;\n            position: relative;\n            z-index: 1;\n        }\n\n        .btn-primary {\n            background: var(--primary);\n            border: none;\n            color: white;\n            transition: all 0.3s ease;\n        }\n\n        .btn-primary:hover {\n            background: var(--secondary);\n            color: var(--text-primary);\n        }\n\n        .btn-outline-primary:hover {\n            background: var(--secondary);\n            border-color: var(--secondary);\n            color: var(--text-primary);\n        }\n\n        .btn-outline-secondary:hover {\n            background: var(--secondary);\n            border-color: var(--secondary);\n            color: var(--text-primary);\n        }\n\n        .subtitle {\n            color: var(--secondary) !important;\n        }\n\n        .form-label {\n            color: var(--secondary) !important;\n            text-transform: uppercase;\n            font-weight: 600;\n            font-size: 0.75rem;\n            letter-spacing: 0.05em;\n        }\n\n        a {\n            color: var(--secondary);\n        }\n\n        a:hover {\n            color: var(--secondary);\n            opacity: 0.8;\n        }\n\n        @media (max-width: 768px) {\n            .login-container {\n                flex-direction: column;\n                margin: 1rem;\n                min-height: auto;\n            }\n\n            .login-right {\n                display: none;\n            }\n\n            .login-left {\n                padding: 2rem;\n            }\n        }\n    </style>\n</head>\n\n<body>\n    <div class="login-container">\n        <div class="login-left">\n            <div class="mb-2">\n                <small class="text-muted">TEACHER PORTAL</small>\n                <h1 class="h3 fw-bold text-primary">Welcome, Teacher!</h1>\n                <p class="subtitle">Please log in to manage your class.</p>\n            </div>\n\n            \n            \n            <div class="alert alert-warning border-0 shadow-sm mb-4">\n                Admin session is invalid. Please log in again.\n            </div>\n            \n            \n\n            <div id="loginError" class="alert alert-danger border-0 shadow-sm mb-4 d-none" role="alert"></div>\n\n            <form method="POST" id="loginForm">\n                <input id="turnstile_token" name="turnstile_token" type="hidden" value="">\n                <div class="mb-4">\n                    <label class="form-label">Username</label>\n                    <input autocomplete="off" class="form-control form-control-lg" id="usernameField" name="username" placeholder="Enter your\n                    username" required type="text" value="">\n                </div>\n\n                <div class="mb-4">\n                    <label class="form-label">Authenticator Code</label>\n                    <input autocomplete="off" class="form-control form-control-lg" id="totp_code" inputmode="numeric" maxlength="6" name="totp_code" pattern="[0-9]*" placeholder="Enter 6-digit code" required type="text" value="">\n                </div>\n\n                \n\n                <div class="d-grid gap-2 mb-4">\n                    <input class="btn btn-primary btn-lg" id="submit" name="submit" type="submit" value="Log In">\n                    <button type="button" id="usePasskeyBtn" class="btn btn-outline-primary btn-lg">\n                        <span class="material-symbols-outlined align-middle me-2"\n                            style="font-size: 1.5rem;">fingerprint</span>\n                        Sign in with Passkey\n                    </button>\n                </div>\n\n                <div class="text-center d-grid gap-2">\n                    <a href="/admin/recover" class="text-decoration-none small text-secondary">I need to\n                        recover my teacher account</a>\n                    <a href="/admin/resume-credentials"\n                        class="text-decoration-none small text-secondary">I need to finish my account recovery</a>\n                    <a href="/student/login" class="btn btn-outline-primary btn-sm mt-2">\n                        I am a student\n                    </a>\n                    <a href="/admin/signup" class="btn btn-outline-secondary btn-sm">\n                        I need a new teacher account\n                    </a>\n                </div>\n\n                <div class="text-center mt-3 pt-3 border-top">\n                    <a href="/privacy"\n                        class="text-decoration-none small text-secondary">Privacy</a>\n                    <span class="text-secondary">\u2022 </span>\n                    <a href="/district" class="text-decoration-none small text-secondary">District</a>\n                    <span class="text-secondary">\u2022 </span>\n                    <a href="/terms" class="text-decoration-none small text-secondary">Terms</a>\n                </div>\n            </form>\n        </div>\n        <div class="login-right">\n            <img src="/static/images/logo_teacher_transparent_512.png?v=1766337909" alt="Logo" class="logo-img">\n        </div>\n    </div>\n\n    <!-- Loading Tips Modal -->\n    <div class="modal fade" id="loadingTipsModal" data-bs-backdrop="static" data-bs-keyboard="false" tabindex="-1">\n        <div class="modal-dialog modal-dialog-centered">\n            <div class="modal-content border-0 shadow-lg">\n                <div class="modal-body text-center p-5">\n                    <div class="spinner-border text-primary mb-4" role="status" style="width: 3rem; height: 3rem;">\n                        <span class="visually-hidden">Loading...</span>\n                    </div>\n                    <h5 class="fw-bold mb-3 text-primary">Pro Tip</h5>\n                    <p class="text-secondary mb-0" id="tipText" style="min-height: 3rem; line-height: 1.6;">\n                        Loading your dashboard...\n                    </p>\n                </div>\n            </div>\n        </div>\n    </div>\n\n    <script src="https://cdn.jsdelivr.net/npm/bootstrap@5.3.3/dist/js/bootstrap.bundle.min.js"></script>\n    <script src="/static/js/loading_modal.js?v=1766337909"></script>\n    <script>\n        document.addEventListener(\'DOMContentLoaded\', function () {\n            initLoadingModal(\'teacher\', {\n                formId: \'loginForm\',\n                modalId: \'loadingTipsModal\',\n                tipTextId: \'tipText\',\n                minimumDisplayTime: 2500,\n                rotationInterval: 4000\n            });\n        });\n    </script>\n\n    <!-- Passwordless.dev SDK (Official UMD build) -->\n    <script src="https://cdn.passwordless.dev/dist/1.1.0/umd/passwordless.umd.min.js" crossorigin="anonymous"></script>\n    <script src="/static/js/passkey.js?v=1768105300"></script>\n    <script>\n        document.addEventListener(\'DOMContentLoaded\', function () {\n            setupPasskeySignin({\n                buttonId: \'usePasskeyBtn\',\n                usernameFieldId: \'usernameField\',\n                startUrl: \'/admin/passkey/auth/start\',\n                finishUrl: \'/admin/passkey/auth/finish\'\n            });\n        });\n    </script>\n</body>\n\n</html>' = get_data(as_text=True)
 +    where get_data = <WrapperTestResponse 9706 bytes [200 OK]>.get_data
======================= 1 failed, 1 deselected in 1.61s ========================
