============================= test session starts ==============================
platform darwin -- Python 3.10.0, pytest-8.4.0, pluggy-1.6.0
rootdir: /Users/timothychang/Documents/GitHub/classroom-economy
plugins: flask-1.3.0, anyio-4.2.0
collected 2 items

tests/test_multi_teacher_hardening.py F